  TOUGHREACT V3.60demo: chdump.out
 
  INITIAL WATER NUMBER:    1
  TIME t = 0
  SPECIATION TEMPERATURE (C):    170.000    PRESSURE (bar):    805.900
  CHEM.ITERATIONS:     5
  IONIC STRENGTH:   4.0385E+00    STOIC. IONIC STRENGTH:   4.7671E+00

                                                                                                                                                 input
      species              molality         gamma    log activ.  tot.aqueous  tot.aqueous  tot.solid    tot.gas      tot.sorbed   aq.kinetics  tot.system  tot.balance  aq.balance
                         (water in kg) (H2O activity)              molality      moles       moles       moles          moles        moles        moles
     ------------------------------------------------------------------------------------------------------------------------------------------------------------------------------
   1 h2o                  1.00027E+00    8.94437E-01    -0.048   5.54943E+01  5.55093E+01  0.00000E+00  0.00000E+00  0.00000E+00  0.00000E+00  5.55093E+01  1.31711E-08 -3.53964E-10
   2 h+                   5.96623E-06    7.21584E-01    -5.366   1.46220E-02  1.46260E-02  0.00000E+00  0.00000E+00  0.00000E+00  0.00000E+00  1.46260E-02 -1.32298E-08  5.63745E-12
   3 na+                  2.27858E+00    6.02671E-01     0.138   2.27908E+00  2.27970E+00  0.00000E+00  0.00000E+00  0.00000E+00  0.00000E+00  2.27970E+00 -2.10651E-10  6.55234E-10
   4 cl-                  3.53984E+00    6.01951E-01     0.329   4.09240E+00  4.09350E+00  0.00000E+00  0.00000E+00  0.00000E+00  0.00000E+00  4.09350E+00 -2.64960E-08 -2.26972E-07
   5 hco3-                1.23694E-03    6.34520E-01    -3.105   1.70384E-02  1.70430E-02  0.00000E+00  0.00000E+00  0.00000E+00  0.00000E+00  1.70430E-02 -1.19315E-08 -1.33825E-10
   6 ca+2                 4.19329E-01    9.23369E-03    -2.412   5.59979E-01  5.60130E-01  0.00000E+00  0.00000E+00  0.00000E+00  0.00000E+00  5.60130E-01  4.83351E-07 -3.53164E-07
   7 so4-2                4.81726E-05    1.10542E-02    -6.274   9.09176E-05  9.09422E-05  0.00000E+00  0.00000E+00  0.00000E+00  0.00000E+00  9.09420E-05  1.77395E-10 -9.58441E-11
   8 mg+2                 6.18691E-02    8.03146E-03    -3.304   7.89358E-02  7.89571E-02  0.00000E+00  0.00000E+00  0.00000E+00  0.00000E+00  7.89570E-02  7.00316E-08 -5.40288E-08
   9 h4sio4               2.92672E-03    1.00000E+00    -2.534   2.92841E-03  2.92920E-03  0.00000E+00  0.00000E+00  0.00000E+00  0.00000E+00  2.92920E-03  3.11023E-12 -1.50256E-12
  10 al+3                 1.61805E-12    2.59348E-05   -16.377   5.08560E-08  5.08697E-08  0.00000E+00  0.00000E+00  0.00000E+00  0.00000E+00  5.08690E-08  7.06844E-13 -1.72445E-17
  11 fe+2                 9.85031E-03    8.31713E-03    -4.087   1.13040E-02  1.13070E-02  0.00000E+00  0.00000E+00  0.00000E+00  0.00000E+00  1.13070E-02  5.90147E-09 -5.04296E-09
  12 hs-                  7.82187E-08    6.00787E-01    -7.328   4.56496E-07  4.56620E-07  0.00000E+00  0.00000E+00  0.00000E+00  0.00000E+00  4.56620E-07 -2.90746E-13 -1.11581E-14
  13 k+                   1.75469E-01    6.42594E-01    -0.948   5.27157E-01  5.27299E-01  0.00000E+00  0.00000E+00  0.00000E+00  0.00000E+00  5.27300E-01 -6.72175E-07  2.31244E-07
  14 ch4(aq)              3.11237E-11    1.96122E+00   -10.214
  15 fe+3                 2.27036E-14    2.90132E-05   -18.181
  16 h2(aq)               5.57326E-08    1.96122E+00    -6.961
  17 o2(aq)               1.84857E-46    1.96122E+00   -45.441
  18 hso5-                3.56895E-43    6.00787E-01   -42.669
  19 s2o3-2               6.93543E-13    1.04602E-02   -14.139
  20 s2o4-2               3.41376E-26    1.04602E-02   -27.447
  21 s2o6-2               3.47364E-28    1.04602E-02   -29.440
  22 s2o8-2               8.92367E-55    1.04602E-02   -56.030
  23 so3-2                4.90845E-13    1.04602E-02   -14.290
  24 al(oh)2+             5.01372E-10    6.45775E-01    -9.490
  25 alo2-                3.29969E-08    6.00787E-01    -7.703
  26 aloh+2               2.02461E-11    8.97348E-03   -12.741
  27 also4+               1.78655E-16    6.45775E-01   -15.938
  28 ca(hco3)+            2.53144E-04    6.45775E-01    -3.787
  29 cacl+                9.83574E-02    6.45775E-01    -1.197
  30 cacl2                4.20302E-02    1.00000E+00    -1.376
  31 caco3                2.30169E-06    1.00000E+00    -5.638
  32 caoh+                4.34492E-06    6.45775E-01    -5.552
  33 caso4                2.58081E-06    1.00000E+00    -5.588
  34 co2(aq)              1.49984E-02    1.96122E+00    -1.531
  35 co3-2                9.75934E-07    9.68592E-03    -8.024
  36 fe(co3)2-            3.22242E-15    6.00787E-01   -14.713
  37 fe(co3)2-2           2.48347E-06    1.04602E-02    -7.585
  38 fe(hs)2              7.91136E-11    1.00000E+00   -10.102
  39 fe(oh)4-             9.68690E-11    6.00787E-01   -10.235
  40 fe(so4)2-            4.75669E-20    6.00787E-01   -19.544
  41 fecl+                1.40503E-03    6.45775E-01    -3.042
  42 fecl+2               5.37302E-13    8.97348E-03   -14.317
  43 fecl2+               1.44138E-12    6.45775E-01   -12.031
  44 fecl2                2.38641E-05    1.00000E+00    -4.622
  45 feco3                1.78889E-06    1.00000E+00    -5.747
  46 feco3oh-             2.26659E-11    6.00787E-01   -10.866
  47 fehco3+              7.06695E-06    6.45775E-01    -5.341
  48 fehso4+              2.64531E-11    6.45775E-01   -10.767
  49 fehso4+2             1.90149E-22    8.97348E-03   -23.768
  50 feo                  5.46312E-08    1.00000E+00    -7.263
  51 feo+                 1.70752E-09    6.45775E-01    -8.958
  52 feoh+                1.30098E-05    6.45775E-01    -5.076
  53 feoh+2               8.88616E-12    8.97348E-03   -13.098
  54 feso4+               5.64790E-17    6.45775E-01   -16.438
  55 feso4                3.33363E-07    1.00000E+00    -6.477
  56 h2s(aq)              3.64521E-07    1.96122E+00    -6.146
  57 h2s2o3               7.75342E-21    1.00000E+00   -20.111
  58 h2s2o4               8.62764E-34    1.00000E+00   -33.064
  59 h2sio4-2             1.49065E-10    1.04602E-02   -11.807
  60 h2so3                1.22835E-13    1.00000E+00   -12.911
  61 halo2                9.85409E-09    1.00000E+00    -8.006
  62 hcl                  3.80619E-06    1.00000E+00    -5.420
  63 hclo                 8.17493E-33    1.00000E+00   -32.088
  64 hclo2                6.13538E-65    1.00000E+00   -64.212
  65 hfeo2                1.13631E-09    1.00000E+00    -8.945
  66 hfeo2-               5.22428E-12    6.00787E-01   -11.503
  67 hs2o3-               4.97172E-17    6.00787E-01   -16.525
  68 hs2o4-               8.80831E-30    6.00787E-01   -29.276
  69 hsio3-               1.69198E-06    6.00787E-01    -5.993
  70 hso3-                6.44554E-12    6.00787E-01   -11.412
  71 hso4-                4.62402E-08    6.65987E-01    -7.512
  72 kalo2                7.48177E-09    1.00000E+00    -8.126
  73 kcl                  3.51683E-01    1.00000E+00    -0.454
  74 koh                  2.53957E-07    1.00000E+00    -6.595
  75 kso4-                4.69169E-06    6.00787E-01    -5.550
  76 mg(hco3)+            6.49017E-05    6.45775E-01    -4.378
  77 mg4(oh)4+4           1.25174E-12    2.77023E-08   -19.460
  78 mgcl+                1.69994E-02    6.45775E-01    -1.959
  79 mgco3                6.84946E-08    1.00000E+00    -7.164
  80 mgoh+                1.89058E-06    6.45775E-01    -5.913
  81 mgs2o3               2.38167E-16    1.00000E+00   -15.623
  82 mgso4                4.23458E-07    1.00000E+00    -6.373
  83 naco3-               3.52982E-04    6.00787E-01    -3.674
  84 nahco3               1.14858E-04    1.00000E+00    -3.940
  85 naoh                 6.66890E-07    1.00000E+00    -6.176
  86 nas2o3-              4.62632E-13    6.00787E-01   -12.556
  87 naso4-               3.46829E-05    6.00787E-01    -4.681
  88 oh-                  1.28059E-06    5.51709E-01    -6.151
  89 s-2                  2.10123E-14    1.04602E-02   -15.658
  90 s2-2                 4.18435E-16    1.04602E-02   -17.359
  91 s2o5-2               1.28681E-23    1.04602E-02   -24.871
  92 s3-2                 9.18685E-20    1.04602E-02   -21.017
  93 s3o6-2               5.50938E-35    1.04602E-02   -36.239
  94 s4-2                 3.58942E-24    1.04602E-02   -25.425
  95 s4o6-2               1.27818E-28    1.04602E-02   -29.874
  96 s5-2                 9.94510E-29    1.04602E-02   -29.983
  97 s5o6-2               5.43443E-46    1.04602E-02   -47.245

     Solution charge imbalance =   1.169E-02 equiv  (  1.647E-01%)

     kin.minerals            moles         log(Q/K)   v.frac solid rate(mol/sec)
     ---------------------------------------------------------------------------
   1 quartz(alpha)        0.00000E+00        0.06242
   2 microcline           0.00000E+00       -0.02075
   3 albite(low)          0.00000E+00        0.00006
   4 muscovite(ordered)   0.00000E+00       -0.00082
   5 chlorite(cca-2)      0.00000E+00        0.00004
   6 dolomite             0.00000E+00       -0.00004
   7 calcite              0.00000E+00       -0.00002

      gases                  moles      log(Q/K/fuga)    log(Pgas)   phi    
     ------------------------------------------------------------------------
   1 co2(g)               0.00000E+00        0.00000        0.95497   0.73826


  ELEMENT:           a 1
  TIME (s/d/yr)     8.64000E+06/ 1.00000E+02/ 2.73793E-01
  TIME STEP (s) :   8.64000E+03
  TEMPERATURE (C):    170.000
  PRESSURE (Pa):    8.05735E+07
  LIQ SATURATION:    1.000000
  GAS SATURATION:    0.000000
  SUM SATURATIONS:   1.000000
  POROSITY:          0.120000
  CHEM.ITERATIONS:    10
  IONIC STRENGTH:   4.0385E+00    STOIC. IONIC STRENGTH:   4.7671E+00

                                                                                                                                                 input
      species              molality         gamma    log activ.  tot.aqueous  tot.aqueous  tot.solid    tot.gas      tot.sorbed   aq.kinetics  tot.system  tot.balance  aq.balance
                         (water in kg) (H2O activity)              molality      moles       moles       moles          moles        moles        moles
     ------------------------------------------------------------------------------------------------------------------------------------------------------------------------------
   1 h2o                  9.40997E-01    8.94439E-01    -0.048   5.54943E+01  5.22200E+01 -1.60676E-10  0.00000E+00  0.00000E+00  0.00000E+00  5.22200E+01  7.46070E-13  7.10543E-15
   2 h+                   5.96674E-06    7.21580E-01    -5.366   1.46249E-02  1.37620E-02  3.61823E-10  0.00000E+00  0.00000E+00  0.00000E+00  1.37620E-02  6.83543E-12  6.93889E-18
   3 na+                  2.27851E+00    6.02669E-01     0.138   2.27901E+00  2.14454E+00  7.18035E-08  0.00000E+00  0.00000E+00  0.00000E+00  2.14454E+00 -7.10543E-15  0.00000E+00
   4 cl-                  3.53979E+00    6.01948E-01     0.329   4.09240E+00  3.85093E+00  0.00000E+00  0.00000E+00  0.00000E+00  0.00000E+00  3.85093E+00 -9.59233E-12 -8.88178E-16
   5 hco3-                1.23707E-03    6.34517E-01    -3.105   1.70414E-02  1.60359E-02  4.10794E-10  0.00000E+00  0.00000E+00  0.00000E+00  1.60359E-02 -8.48629E-12  0.00000E+00
   6 ca+2                 4.19329E-01    9.23388E-03    -2.412   5.59979E-01  5.26938E-01  2.20369E-10  0.00000E+00  0.00000E+00  0.00000E+00  5.26938E-01 -8.55294E-12 -1.11022E-16
   7 so4-2                4.81606E-05    1.10545E-02    -6.274   9.08952E-05  8.55320E-05 -2.11459E-12  0.00000E+00  0.00000E+00  0.00000E+00  8.55320E-05  1.60978E-15 -1.35525E-20
   8 mg+2                 6.18699E-02    8.03164E-03    -3.304   7.89369E-02  7.42794E-02 -4.34370E-11  0.00000E+00  0.00000E+00  0.00000E+00  7.42794E-02 -4.96561E-13  1.38778E-17
   9 h4sio4               2.93146E-03    1.00000E+00    -2.533   2.93316E-03  2.76009E-03 -2.20591E-10  0.00000E+00  0.00000E+00  0.00000E+00  2.76009E-03  1.65663E-13  0.00000E+00
  10 al+3                 1.61700E-12    2.59361E-05   -16.377   5.08109E-08  4.78129E-08  1.63169E-13  0.00000E+00  0.00000E+00  0.00000E+00  4.78129E-08  1.54551E-13  0.00000E+00
  11 fe+2                 9.84890E-03    8.31731E-03    -4.087   1.13023E-02  1.06355E-02 -1.51480E-10  0.00000E+00  0.00000E+00  0.00000E+00  1.06355E-02  1.17895E-13  1.73472E-18
  12 hs-                  8.21496E-08    6.00784E-01    -7.307   4.78972E-07  4.50711E-07  2.11459E-12  0.00000E+00  0.00000E+00  0.00000E+00  4.50713E-07 -1.67104E-15 -1.58819E-22
  13 k+                   1.75497E-01    6.42591E-01    -0.948   5.27234E-01  4.96125E-01 -7.18080E-08  0.00000E+00  0.00000E+00  0.00000E+00  4.96125E-01 -7.60114E-12 -5.55112E-17
  14 ch4(aq)              3.26988E-11    1.96121E+00   -10.193
  15 fe+3                 2.25625E-14    2.90146E-05   -18.184
  16 h2(aq)               5.64224E-08    1.96121E+00    -6.956
  17 o2(aq)               1.80368E-46    1.96121E+00   -45.451
  18 hso5-                3.52483E-43    6.00784E-01   -42.674
  19 s2o3-2               7.28270E-13    1.04604E-02   -14.118
  20 s2o4-2               3.54089E-26    1.04604E-02   -27.431
  21 s2o6-2               3.51549E-28    1.04604E-02   -29.434
  22 s2o8-2               8.81181E-55    1.04604E-02   -56.035
  23 so3-2                4.96792E-13    1.04604E-02   -14.284
  24 al(oh)2+             5.00991E-10    6.45772E-01    -9.490
  25 alo2-                3.29664E-08    6.00784E-01    -7.703
  26 aloh+2               2.02318E-11    8.97366E-03   -12.741
  27 also4+               1.78506E-16    6.45772E-01   -15.938
  28 ca(hco3)+            2.53176E-04    6.45772E-01    -3.786
  29 cacl+                9.83580E-02    6.45772E-01    -1.197
  30 cacl2                4.20295E-02    1.00000E+00    -1.376
  31 caco3                2.30178E-06    1.00000E+00    -5.638
  32 caoh+                4.34467E-06    6.45772E-01    -5.552
  33 caso4                2.58027E-06    1.00000E+00    -5.588
  34 co2(aq)              1.50012E-02    1.96121E+00    -1.531
  35 co3-2                9.75934E-07    9.68612E-03    -8.024
  36 fe(co3)2-            3.20269E-15    6.00784E-01   -14.716
  37 fe(co3)2-2           2.48322E-06    1.04604E-02    -7.585
  38 fe(hs)2              8.72538E-11    1.00000E+00   -10.059
  39 fe(oh)4-             9.62410E-11    6.00784E-01   -10.238
  40 fe(so4)2-            4.72518E-20    6.00784E-01   -19.547
  41 fecl+                1.40484E-03    6.45772E-01    -3.042
  42 fecl+2               5.33967E-13    8.97366E-03   -14.320
  43 fecl2+               1.43245E-12    6.45772E-01   -12.034
  44 fecl2                2.38603E-05    1.00000E+00    -4.622
  45 feco3                1.78871E-06    1.00000E+00    -5.747
  46 feco3oh-             2.26619E-11    6.00784E-01   -10.866
  47 fehco3+              7.06684E-06    6.45772E-01    -5.341
  48 fehso4+              2.64461E-11    6.45772E-01   -10.768
  49 fehso4+2             1.88944E-22    8.97366E-03   -23.771
  50 feo                  5.46157E-08    1.00000E+00    -7.263
  51 feo+                 1.69672E-09    6.45772E-01    -8.960
  52 feoh+                1.30072E-05    6.45772E-01    -5.076
  53 feoh+2               8.83045E-12    8.97366E-03   -13.101
  54 feso4+               5.61179E-17    6.45772E-01   -16.441
  55 feso4                3.33245E-07    1.00000E+00    -6.477
  56 h2s(aq)              3.82873E-07    1.96121E+00    -6.124
  57 h2s2o3               8.14314E-21    1.00000E+00   -20.089
  58 h2s2o4               8.95059E-34    1.00000E+00   -33.048
  59 h2sio4-2             1.49279E-10    1.04604E-02   -11.806
  60 h2so3                1.24346E-13    1.00000E+00   -12.905
  61 halo2                9.84574E-09    1.00000E+00    -8.007
  62 hcl                  3.80643E-06    1.00000E+00    -5.419
  63 hclo                 8.07556E-33    1.00000E+00   -32.093
  64 hclo2                5.98674E-65    1.00000E+00   -64.223
  65 hfeo2                1.12903E-09    1.00000E+00    -8.947
  66 hfeo2-               5.22240E-12    6.00784E-01   -11.503
  67 hs2o3-               5.22122E-17    6.00784E-01   -16.504
  68 hs2o4-               9.13731E-30    6.00784E-01   -29.260
  69 hsio3-               1.69459E-06    6.00784E-01    -5.992
  70 hso3-                6.52434E-12    6.00784E-01   -11.407
  71 hso4-                4.62336E-08    6.65984E-01    -7.512
  72 kalo2                7.47598E-09    1.00000E+00    -8.126
  73 kcl                  3.51732E-01    1.00000E+00    -0.454
  74 koh                  2.53977E-07    1.00000E+00    -6.595
  75 kso4-                4.69136E-06    6.00784E-01    -5.550
  76 mg(hco3)+            6.49109E-05    6.45772E-01    -4.378
  77 mg4(oh)4+4           1.25141E-12    2.77044E-08   -19.460
  78 mgcl+                1.69997E-02    6.45772E-01    -1.959
  79 mgco3                6.84983E-08    1.00000E+00    -7.164
  80 mgoh+                1.89051E-06    6.45772E-01    -5.913
  81 mgs2o3               2.50106E-16    1.00000E+00   -15.602
  82 mgso4                4.23375E-07    1.00000E+00    -6.373
  83 naco3-               3.52978E-04    6.00784E-01    -3.674
  84 nahco3               1.14865E-04    1.00000E+00    -3.940
  85 naoh                 6.66812E-07    1.00000E+00    -6.176
  86 nas2o3-              4.85791E-13    6.00784E-01   -12.535
  87 naso4-               3.46738E-05    6.00784E-01    -4.681
  88 oh-                  1.28050E-06    5.51706E-01    -6.151
  89 s-2                  2.20660E-14    1.04604E-02   -15.637
  90 s2-2                 4.55895E-16    1.04604E-02   -17.322
  91 s2o5-2               1.31842E-23    1.04604E-02   -24.860
  92 s3-2                 1.03847E-19    1.04604E-02   -20.964
  93 s3o6-2               5.78484E-35    1.04604E-02   -36.218
  94 s4-2                 4.20958E-24    1.04604E-02   -25.356
  95 s4o6-2               1.39242E-28    1.04604E-02   -29.837
  96 s5-2                 1.21007E-28    1.04604E-02   -29.898
  97 s5o6-2               6.14214E-46    1.04604E-02   -47.192

     Solution charge imbalance =   1.169E-02 equiv  (  1.647E-01%)

     kin.minerals            moles         log(Q/K)   v.frac solid rate(mol/sec)
     ---------------------------------------------------------------------------
   1 quartz(alpha)        0.00000E+00        0.06312  3.6900E-01   0.0000E+00
   2 microcline          -7.19079E-08       -0.01898  3.5099E-02   8.8445E-12
   3 albite(low)          7.18035E-08        0.00174  8.1501E-02  -8.8317E-12
   4 muscovite(ordered)   9.99437E-11        0.00022  2.3880E-01  -1.2293E-14
   5 chlorite(cca-2)     -7.86091E-11       -0.00000  1.2360E-01   9.6688E-15
   6 dolomite             1.89560E-10        0.00000  7.3000E-02  -2.3316E-14
   7 calcite              3.16732E-11        0.00000  5.4000E-02  -3.8957E-15

      gases                  moles      log(Q/K/fuga)    log(Pgas)   phi    
     ------------------------------------------------------------------------
   1 co2(g)               0.00000E+00        0.00000        0.95503   0.73817


  ELEMENT:           a 1
  TIME (s/d/yr)     1.72800E+07/ 2.00000E+02/ 5.47585E-01
  TIME STEP (s) :   8.64000E+03
  TEMPERATURE (C):    170.000
  PRESSURE (Pa):    8.05735E+07
  LIQ SATURATION:    1.000000
  GAS SATURATION:    0.000000
  SUM SATURATIONS:   1.000000
  POROSITY:          0.120000
  CHEM.ITERATIONS:    10
  IONIC STRENGTH:   4.0384E+00    STOIC. IONIC STRENGTH:   4.7671E+00

                                                                                                                                                 input
      species              molality         gamma    log activ.  tot.aqueous  tot.aqueous  tot.solid    tot.gas      tot.sorbed   aq.kinetics  tot.system  tot.balance  aq.balance
                         (water in kg) (H2O activity)              molality      moles       moles       moles          moles        moles        moles
     ------------------------------------------------------------------------------------------------------------------------------------------------------------------------------
   1 h2o                  9.40997E-01    8.94441E-01    -0.048   5.54943E+01  5.22200E+01 -4.25827E-11  0.00000E+00  0.00000E+00  0.00000E+00  5.22200E+01  7.31859E-13  7.10543E-15
   2 h+                   5.96676E-06    7.21577E-01    -5.366   1.46246E-02  1.37617E-02  2.21795E-10  0.00000E+00  0.00000E+00  0.00000E+00  1.37617E-02  7.23482E-12  3.46945E-18
   3 na+                  2.27843E+00    6.02666E-01     0.138   2.27893E+00  2.14447E+00  7.15413E-08  0.00000E+00  0.00000E+00  0.00000E+00  2.14447E+00 -7.10543E-15  4.44089E-16
   4 cl-                  3.53974E+00    6.01946E-01     0.329   4.09240E+00  3.85093E+00  0.00000E+00  0.00000E+00  0.00000E+00  0.00000E+00  3.85093E+00 -9.59677E-12  4.44089E-16
   5 hco3-                1.23705E-03    6.34514E-01    -3.105   1.70410E-02  1.60356E-02  2.63122E-10  0.00000E+00  0.00000E+00  0.00000E+00  1.60356E-02 -8.88300E-12  6.93889E-18
   6 ca+2                 4.19328E-01    9.23408E-03    -2.412   5.59978E-01  5.26938E-01  1.69619E-10  0.00000E+00  0.00000E+00  0.00000E+00  5.26938E-01 -8.91931E-12  0.00000E+00
   7 so4-2                4.81613E-05    1.10547E-02    -6.274   9.08969E-05  8.55337E-05 -1.30201E-12  0.00000E+00  0.00000E+00  0.00000E+00  8.55337E-05  1.60427E-15  2.71051E-20
   8 mg+2                 6.18699E-02    8.03180E-03    -3.304   7.89370E-02  7.42794E-02 -5.04930E-11  0.00000E+00  0.00000E+00  0.00000E+00  7.42794E-02 -5.32810E-13  1.38778E-17
   9 h4sio4               2.93166E-03    1.00000E+00    -2.533   2.93336E-03  2.76028E-03 -1.63940E-10  0.00000E+00  0.00000E+00  0.00000E+00  2.76028E-03  1.65272E-13  0.00000E+00
  10 al+3                 1.61663E-12    2.59373E-05   -16.377   5.08035E-08  4.78059E-08  1.59865E-13  0.00000E+00  0.00000E+00  0.00000E+00  4.78059E-08  1.54186E-13 -6.61744E-24
  11 fe+2                 9.84900E-03    8.31748E-03    -4.087   1.13025E-02  1.06356E-02 -9.32706E-11  0.00000E+00  0.00000E+00  0.00000E+00  1.06356E-02  1.17560E-13  0.00000E+00
  12 hs-                  8.18410E-08    6.00782E-01    -7.308   4.77210E-07  4.49053E-07  1.30201E-12  0.00000E+00  0.00000E+00  0.00000E+00  4.49054E-07 -1.66708E-15  5.29396E-23
  13 k+                   1.75525E-01    6.42588E-01    -0.948   5.27310E-01  4.96197E-01 -7.15535E-08  0.00000E+00  0.00000E+00  0.00000E+00  4.96197E-01 -7.59837E-12 -5.55112E-17
  14 ch4(aq)              3.25743E-11    1.96120E+00   -10.195
  15 fe+3                 2.25727E-14    2.90160E-05   -18.184
  16 h2(aq)               5.63693E-08    1.96120E+00    -6.956
  17 o2(aq)               1.80712E-46    1.96120E+00   -45.450
  18 hso5-                3.52831E-43    6.00782E-01   -42.674
  19 s2o3-2               7.25538E-13    1.04606E-02   -14.120
  20 s2o4-2               3.53096E-26    1.04606E-02   -27.433
  21 s2o6-2               3.51229E-28    1.04606E-02   -29.435
  22 s2o8-2               8.82054E-55    1.04606E-02   -56.035
  23 so3-2                4.96327E-13    1.04606E-02   -14.285
  24 al(oh)2+             5.00905E-10    6.45769E-01    -9.490
  25 alo2-                3.29609E-08    6.00782E-01    -7.703
  26 aloh+2               2.02277E-11    8.97385E-03   -12.741
  27 also4+               1.78480E-16    6.45769E-01   -15.938
  28 ca(hco3)+            2.53176E-04    6.45769E-01    -3.786
  29 cacl+                9.83587E-02    6.45769E-01    -1.197
  30 cacl2                4.20289E-02    1.00000E+00    -1.376
  31 caco3                2.30178E-06    1.00000E+00    -5.638
  32 caoh+                4.34480E-06    6.45769E-01    -5.552
  33 caso4                2.58040E-06    1.00000E+00    -5.588
  34 co2(aq)              1.50009E-02    1.96120E+00    -1.531
  35 co3-2                9.75894E-07    9.68632E-03    -8.024
  36 fe(co3)2-            3.20418E-15    6.00782E-01   -14.716
  37 fe(co3)2-2           2.48315E-06    1.04606E-02    -7.585
  38 fe(hs)2              8.66015E-11    1.00000E+00   -10.062
  39 fe(oh)4-             9.62915E-11    6.00782E-01   -10.238
  40 fe(so4)2-            4.72789E-20    6.00782E-01   -19.547
  41 fecl+                1.40487E-03    6.45769E-01    -3.042
  42 fecl+2               5.34215E-13    8.97385E-03   -14.319
  43 fecl2+               1.43312E-12    6.45769E-01   -12.034
  44 fecl2                2.38602E-05    1.00000E+00    -4.622
  45 feco3                1.78873E-06    1.00000E+00    -5.747
  46 feco3oh-             2.26623E-11    6.00782E-01   -10.866
  47 fehco3+              7.06694E-06    6.45769E-01    -5.341
  48 fehso4+              2.64478E-11    6.45769E-01   -10.768
  49 fehso4+2             1.89041E-22    8.97385E-03   -23.770
  50 feo                  5.46178E-08    1.00000E+00    -7.263
  51 feo+                 1.69759E-09    6.45769E-01    -8.960
  52 feoh+                1.30077E-05    6.45769E-01    -5.076
  53 feoh+2               8.83474E-12    8.97385E-03   -13.101
  54 feso4+               5.61483E-17    6.45769E-01   -16.441
  55 feso4                3.33267E-07    1.00000E+00    -6.477
  56 h2s(aq)              3.81434E-07    1.96120E+00    -6.126
  57 h2s2o3               8.11272E-21    1.00000E+00   -20.091
  58 h2s2o4               8.92563E-34    1.00000E+00   -33.049
  59 h2sio4-2             1.49287E-10    1.04606E-02   -11.806
  60 h2so3                1.24232E-13    1.00000E+00   -12.906
  61 halo2                9.84404E-09    1.00000E+00    -8.007
  62 hcl                  3.80636E-06    1.00000E+00    -5.419
  63 hclo                 8.08307E-33    1.00000E+00   -32.092
  64 hclo2                5.99801E-65    1.00000E+00   -64.222
  65 hfeo2                1.12961E-09    1.00000E+00    -8.947
  66 hfeo2-               5.22264E-12    6.00782E-01   -11.503
  67 hs2o3-               5.20175E-17    6.00782E-01   -16.505
  68 hs2o4-               9.11188E-30    6.00782E-01   -29.262
  69 hsio3-               1.69471E-06    6.00782E-01    -5.992
  70 hso3-                6.51837E-12    6.00782E-01   -11.407
  71 hso4-                4.62352E-08    6.65981E-01    -7.512
  72 kalo2                7.47586E-09    1.00000E+00    -8.126
  73 kcl                  3.51780E-01    1.00000E+00    -0.454
  74 koh                  2.54017E-07    1.00000E+00    -6.595
  75 kso4-                4.69226E-06    6.00782E-01    -5.550
  76 mg(hco3)+            6.49110E-05    6.45769E-01    -4.378
  77 mg4(oh)4+4           1.25144E-12    2.77065E-08   -19.460
  78 mgcl+                1.69998E-02    6.45769E-01    -1.959
  79 mgco3                6.84983E-08    1.00000E+00    -7.164
  80 mgoh+                1.89056E-06    6.45769E-01    -5.913
  81 mgs2o3               2.49178E-16    1.00000E+00   -15.603
  82 mgso4                4.23398E-07    1.00000E+00    -6.373
  83 naco3-               3.52959E-04    6.00782E-01    -3.674
  84 nahco3               1.14858E-04    1.00000E+00    -3.940
  85 naoh                 6.66790E-07    1.00000E+00    -6.176
  86 nas2o3-              4.83962E-13    6.00782E-01   -12.536
  87 naso4-               3.46738E-05    6.00782E-01    -4.681
  88 oh-                  1.28051E-06    5.51704E-01    -6.151
  89 s-2                  2.19826E-14    1.04606E-02   -15.638
  90 s2-2                 4.52893E-16    1.04606E-02   -17.324
  91 s2o5-2               1.31597E-23    1.04606E-02   -24.861
  92 s3-2                 1.02872E-19    1.04606E-02   -20.968
  93 s3o6-2               5.76330E-35    1.04606E-02   -36.220
  94 s4-2                 4.15832E-24    1.04606E-02   -25.362
  95 s4o6-2               1.38332E-28    1.04606E-02   -29.840
  96 s5-2                 1.19197E-28    1.04606E-02   -29.904
  97 s5o6-2               6.08483E-46    1.04606E-02   -47.196

     Solution charge imbalance =   1.169E-02 equiv  (  1.647E-01%)

     kin.minerals            moles         log(Q/K)   v.frac solid rate(mol/sec)
     ---------------------------------------------------------------------------
   1 quartz(alpha)        0.00000E+00        0.06315  3.6900E-01   0.0000E+00
   2 microcline          -7.16198E-08       -0.01890  3.5098E-02   8.8091E-12
   3 albite(low)          7.15413E-08        0.00174  8.1502E-02  -8.7994E-12
   4 muscovite(ordered)   6.62539E-11        0.00014  2.3880E-01  -8.1491E-15
   5 chlorite(cca-2)     -4.84019E-11       -0.00000  1.2360E-01   5.9533E-15
   6 dolomite             9.29704E-11        0.00000  7.3000E-02  -1.1435E-14
   7 calcite              7.71808E-11        0.00000  5.4000E-02  -9.4931E-15

      gases                  moles      log(Q/K/fuga)    log(Pgas)   phi    
     ------------------------------------------------------------------------
   1 co2(g)               0.00000E+00        0.00000        0.95502   0.73817


  ELEMENT:           a 1
  TIME (s/d/yr)     2.59200E+07/ 3.00000E+02/ 8.21378E-01
  TIME STEP (s) :   8.64000E+03
  TEMPERATURE (C):    170.000
  PRESSURE (Pa):    8.05735E+07
  LIQ SATURATION:    1.000000
  GAS SATURATION:    0.000000
  SUM SATURATIONS:   1.000000
  POROSITY:          0.120000
  CHEM.ITERATIONS:    10
  IONIC STRENGTH:   4.0384E+00    STOIC. IONIC STRENGTH:   4.7671E+00

                                                                                                                                                 input
      species              molality         gamma    log activ.  tot.aqueous  tot.aqueous  tot.solid    tot.gas      tot.sorbed   aq.kinetics  tot.system  tot.balance  aq.balance
                         (water in kg) (H2O activity)              molality      moles       moles       moles          moles        moles        moles
     ------------------------------------------------------------------------------------------------------------------------------------------------------------------------------
   1 h2o                  9.40997E-01    8.94443E-01    -0.048   5.54943E+01  5.22200E+01  1.17220E-11  0.00000E+00  0.00000E+00  0.00000E+00  5.22200E+01  7.60281E-13  2.13163E-14
   2 h+                   5.96679E-06    7.21573E-01    -5.366   1.46244E-02  1.37615E-02  1.57051E-10  0.00000E+00  0.00000E+00  0.00000E+00  1.37615E-02  7.54317E-12  3.46945E-18
   3 na+                  2.27836E+00    6.02664E-01     0.138   2.27886E+00  2.14440E+00  7.12676E-08  0.00000E+00  0.00000E+00  0.00000E+00  2.14440E+00 -6.21725E-15  0.00000E+00
   4 cl-                  3.53970E+00    6.01944E-01     0.329   4.09240E+00  3.85093E+00  0.00000E+00  0.00000E+00  0.00000E+00  0.00000E+00  3.85093E+00 -9.59677E-12  8.88178E-16
   5 hco3-                1.23703E-03    6.34511E-01    -3.105   1.70408E-02  1.60353E-02  1.94488E-10  0.00000E+00  0.00000E+00  0.00000E+00  1.60353E-02 -9.18927E-12 -3.46945E-18
   6 ca+2                 4.19328E-01    9.23426E-03    -2.412   5.59978E-01  5.26938E-01  1.45776E-10  0.00000E+00  0.00000E+00  0.00000E+00  5.26938E-01 -9.20120E-12  0.00000E+00
   7 so4-2                4.81616E-05    1.10549E-02    -6.274   9.08981E-05  8.55348E-05 -9.25496E-13  0.00000E+00  0.00000E+00  0.00000E+00  8.55348E-05  1.59997E-15  1.35525E-20
   8 mg+2                 6.18698E-02    8.03197E-03    -3.304   7.89370E-02  7.42795E-02 -5.36431E-11  0.00000E+00  0.00000E+00  0.00000E+00  7.42795E-02 -5.61315E-13  1.38778E-17
   9 h4sio4               2.93182E-03    1.00000E+00    -2.533   2.93352E-03  2.76043E-03 -1.37483E-10  0.00000E+00  0.00000E+00  0.00000E+00  2.76043E-03  1.64968E-13  0.00000E+00
  10 al+3                 1.61634E-12    2.59386E-05   -16.378   5.07983E-08  4.78010E-08  1.58214E-13  0.00000E+00  0.00000E+00  0.00000E+00  4.78010E-08  1.53901E-13 -1.32349E-23
  11 fe+2                 9.84907E-03    8.31766E-03    -4.087   1.13026E-02  1.06357E-02 -6.62986E-11  0.00000E+00  0.00000E+00  0.00000E+00  1.06357E-02  1.17312E-13  1.73472E-18
  12 hs-                  8.16377E-08    6.00780E-01    -7.309   4.76050E-07  4.47961E-07  9.25496E-13  0.00000E+00  0.00000E+00  0.00000E+00  4.47962E-07 -1.66398E-15 -5.29396E-23
  13 k+                   1.75553E-01    6.42585E-01    -0.948   5.27386E-01  4.96268E-01 -7.12833E-08  0.00000E+00  0.00000E+00  0.00000E+00  4.96268E-01 -7.59492E-12  1.11022E-16
  14 ch4(aq)              3.24920E-11    1.96119E+00   -10.196
  15 fe+3                 2.25794E-14    2.90173E-05   -18.184
  16 h2(aq)               5.63343E-08    1.96119E+00    -6.957
  17 o2(aq)               1.80941E-46    1.96119E+00   -45.450
  18 hso5-                3.53064E-43    6.00780E-01   -42.673
  19 s2o3-2               7.23736E-13    1.04608E-02   -14.121
  20 s2o4-2               3.52441E-26    1.04608E-02   -27.433
  21 s2o6-2               3.51020E-28    1.04608E-02   -29.435
  22 s2o8-2               8.82640E-55    1.04608E-02   -56.035
  23 so3-2                4.96018E-13    1.04608E-02   -14.285
  24 al(oh)2+             5.00844E-10    6.45766E-01    -9.490
  25 alo2-                3.29568E-08    6.00780E-01    -7.703
  26 aloh+2               2.02248E-11    8.97404E-03   -12.741
  27 also4+               1.78463E-16    6.45766E-01   -15.938
  28 ca(hco3)+            2.53178E-04    6.45766E-01    -3.786
  29 cacl+                9.83594E-02    6.45766E-01    -1.197
  30 cacl2                4.20283E-02    1.00000E+00    -1.376
  31 caco3                2.30178E-06    1.00000E+00    -5.638
  32 caoh+                4.34491E-06    6.45766E-01    -5.552
  33 caso4                2.58053E-06    1.00000E+00    -5.588
  34 co2(aq)              1.50007E-02    1.96119E+00    -1.531
  35 co3-2                9.75855E-07    9.68651E-03    -8.024
  36 fe(co3)2-            3.20516E-15    6.00780E-01   -14.715
  37 fe(co3)2-2           2.48307E-06    1.04608E-02    -7.585
  38 fe(hs)2              8.61734E-11    1.00000E+00   -10.065
  39 fe(oh)4-             9.63252E-11    6.00780E-01   -10.238
  40 fe(so4)2-            4.72979E-20    6.00780E-01   -19.546
  41 fecl+                1.40489E-03    6.45766E-01    -3.042
  42 fecl+2               5.34377E-13    8.97404E-03   -14.319
  43 fecl2+               1.43357E-12    6.45766E-01   -12.034
  44 fecl2                2.38600E-05    1.00000E+00    -4.622
  45 feco3                1.78874E-06    1.00000E+00    -5.747
  46 feco3oh-             2.26626E-11    6.00780E-01   -10.866
  47 fehco3+              7.06703E-06    6.45766E-01    -5.341
  48 fehso4+              2.64494E-11    6.45766E-01   -10.768
  49 fehso4+2             1.89107E-22    8.97404E-03   -23.770
  50 feo                  5.46192E-08    1.00000E+00    -7.263
  51 feo+                 1.69818E-09    6.45766E-01    -8.960
  52 feoh+                1.30082E-05    6.45766E-01    -5.076
  53 feoh+2               8.83760E-12    8.97404E-03   -13.101
  54 feso4+               5.61693E-17    6.45766E-01   -16.440
  55 feso4                3.33285E-07    1.00000E+00    -6.477
  56 h2s(aq)              3.80488E-07    1.96119E+00    -6.127
  57 h2s2o3               8.09276E-21    1.00000E+00   -20.092
  58 h2s2o4               8.90928E-34    1.00000E+00   -33.050
  59 h2sio4-2             1.49292E-10    1.04608E-02   -11.806
  60 h2so3                1.24157E-13    1.00000E+00   -12.906
  61 halo2                9.84279E-09    1.00000E+00    -8.007
  62 hcl                  3.80629E-06    1.00000E+00    -5.419
  63 hclo                 8.08803E-33    1.00000E+00   -32.092
  64 hclo2                6.00547E-65    1.00000E+00   -64.221
  65 hfeo2                1.12999E-09    1.00000E+00    -8.947
  66 hfeo2-               5.22281E-12    6.00780E-01   -11.503
  67 hs2o3-               5.18897E-17    6.00780E-01   -16.506
  68 hs2o4-               9.09521E-30    6.00780E-01   -29.262
  69 hsio3-               1.69481E-06    6.00780E-01    -5.992
  70 hso3-                6.51448E-12    6.00780E-01   -11.407
  71 hso4-                4.62367E-08    6.65978E-01    -7.512
  72 kalo2                7.47606E-09    1.00000E+00    -8.126
  73 kcl                  3.51828E-01    1.00000E+00    -0.454
  74 koh                  2.54056E-07    1.00000E+00    -6.595
  75 kso4-                4.69313E-06    6.00780E-01    -5.550
  76 mg(hco3)+            6.49114E-05    6.45766E-01    -4.378
  77 mg4(oh)4+4           1.25145E-12    2.77086E-08   -19.460
  78 mgcl+                1.69999E-02    6.45766E-01    -1.959
  79 mgco3                6.84983E-08    1.00000E+00    -7.164
  80 mgoh+                1.89061E-06    6.45766E-01    -5.913
  81 mgs2o3               2.48569E-16    1.00000E+00   -15.605
  82 mgso4                4.23418E-07    1.00000E+00    -6.373
  83 naco3-               3.52940E-04    6.00780E-01    -3.674
  84 nahco3               1.14852E-04    1.00000E+00    -3.940
  85 naoh                 6.66765E-07    1.00000E+00    -6.176
  86 nas2o3-              4.82754E-13    6.00780E-01   -12.538
  87 naso4-               3.46736E-05    6.00780E-01    -4.681
  88 oh-                  1.28051E-06    5.51702E-01    -6.151
  89 s-2                  2.19274E-14    1.04608E-02   -15.639
  90 s2-2                 4.50916E-16    1.04608E-02   -17.326
  91 s2o5-2               1.31436E-23    1.04608E-02   -24.862
  92 s3-2                 1.02232E-19    1.04608E-02   -20.971
  93 s3o6-2               5.74914E-35    1.04608E-02   -36.221
  94 s4-2                 4.12477E-24    1.04608E-02   -25.365
  95 s4o6-2               1.37736E-28    1.04608E-02   -29.841
  96 s5-2                 1.18015E-28    1.04608E-02   -29.908
  97 s5o6-2               6.04732E-46    1.04608E-02   -47.199

     Solution charge imbalance =   1.169E-02 equiv  (  1.647E-01%)

     kin.minerals            moles         log(Q/K)   v.frac solid rate(mol/sec)
     ---------------------------------------------------------------------------
   1 quartz(alpha)        0.00000E+00        0.06317  3.6900E-01   0.0000E+00
   2 microcline          -7.13339E-08       -0.01883  3.5097E-02   8.7739E-12
   3 albite(low)          7.12676E-08        0.00173  8.1503E-02  -8.7658E-12
   4 muscovite(ordered)   5.06087E-11        0.00011  2.3880E-01  -6.2248E-15
   5 chlorite(cca-2)     -3.44051E-11       -0.00000  1.2360E-01   4.2318E-15
   6 dolomite             4.83335E-11        0.00000  7.3000E-02  -5.9449E-15
   7 calcite              9.78209E-11        0.00000  5.4000E-02  -1.2032E-14

      gases                  moles      log(Q/K/fuga)    log(Pgas)   phi    
     ------------------------------------------------------------------------
   1 co2(g)               0.00000E+00        0.00000        0.95501   0.73817


  Write chemical speciation in chemical.inp format
 
  Time =  9.994645E-01 yr

# Grid block:   a 1
# Index  Temp(C)  Press(bar)
   1   170.000    805.7346
# component    icon      guess        ctotal    fix  log(Q/K)
h2o              1    1.0000E+00   1.000000E+00   *     0.0
h+               1    5.9668E-06   1.462431E-02   *     0.0
na+              1    2.2783E+00   2.278809E+00   *     0.0
cl-              1    3.5397E+00   4.092395E+00   *     0.0
hco3-            1    1.2370E-03   1.704065E-02   *     0.0
ca+2             1    4.1933E-01   5.599782E-01   *     0.0
so4-2            1    4.8162E-05   9.089867E-05   *     0.0
mg+2             1    6.1870E-02   7.893707E-02   *     0.0
h4sio4           1    2.9319E-03   2.933610E-03   *     0.0
al+3             1    1.6162E-12   5.079550E-08   *     0.0
fe+2             1    9.8491E-03   1.130260E-02   *     0.0
hs-              1    8.1534E-08   4.754571E-07   *     0.0
k+               1    1.7557E-01   5.274349E-01   *     0.0
*
