  TOUGHREACT V3.60demo: chemical.out

 --> start reading chemical input data from chemical.inp

An-Gy-Hal-Hal                                                                                       
--------------------------------------------------------------------------------
DEFINITION OF THE GEOCHEMICAL SYSTEM
PRIMARY AQUEOUS SPECIES

   finished reading all primary species
   total primary species     npri =  13
     aqueous primary species npaq =  13
     surface primary species npads=   0

AQUEOUS KINETICS
   finished reading aqueous kinetics
   ntrx =   0

AQUEOUS COMPLEXES
   finished reading secondary species
   naqx =   0

 AQUEOUS COMPLEXES will be automatically selected from the thermodynamic database

MINERALS
quartz(alpha)         1  1  0  0
  1.0233E-14   0    1.000    1.000   87.700    0.000    0.000    0.000
microcline            1  3  0  0
  3.8905E-13   2    1.000    1.000   38.000    0.000    0.000    0.000
         2
             8.7096E-11   51.7000    1      h+                 0.5000
             6.3096E-22   94.1000    1      h+                -0.8230
  3.8905E-13   0    1.000    1.000   38.000    0.000    0.000    0.000   1.0000E-06  0
     0.000     0.000     0.000
albite(low)           1  3  0  0
  1.4454E-13   2    1.000    1.000   69.800    0.000    0.000    0.000
         1
             2.1380E-11   65.0000    1      h+                 0.4570
  1.4454E-13   0    1.000    1.000   69.800    0.000    0.000    0.000   1.0000E-06  0
     0.000     0.000     0.000
muscovite(ordered)    1  3  0  0
  2.8184E-13   2    1.000    1.000   22.000    0.000    0.000    0.000
         2
             1.4125E-12   22.0000    1      h+                 0.3700
             2.8184E-15   22.0000    1      h+                -0.2200
  2.8184E-13   0    1.000    1.000   22.000    0.000    0.000    0.000   1.0000E-06  0
     0.000     0.000     0.000
chlorite(cca-2)       1  3  0  0
  3.0200E-13   2    1.000    0.380   88.000    0.000    0.000    0.000
         1
             7.7624E-12   88.0000    1      h+                 0.5000
  3.0200E-13   0    1.000    0.380   88.000    0.000    0.000    0.000   1.0000E-06  0
     0.000     0.000     0.000
dolomite              1  3  0  0
  2.9512E-08   2    1.000    1.000   52.200    0.000    0.000    0.000
         1
             6.4565E-04   36.1000    1      h+                 0.5000
  2.9512E-08   0    1.000    1.000   52.200    0.000    0.000    0.000   1.0000E-05  0
     0.000     0.000     0.000
calcite               1  3  0  0
  1.5488E-06   2    1.000    1.000   23.500    0.000    0.000    0.000
         1
             5.0119E-01   14.4000    1      h+                 1.0000
  1.5488E-06   0    1.000    1.000   23.500    0.000    0.000    0.000   1.0000E-05  0
     0.000     0.000     0.000
   finished reading minerals
    nmin  =   7
    nmequ =   0
    nmkin =   7
    nsalt =   0

    Salt Minerals

  The following minerals form ideal solid solutions:
   None
 
GASES
 co2(g)                                   0
   finished reading gases
    ngas  =   1

SURFACE COMPLEXES
   finished reading surface complexes
    nads  =   0

SPECIES WITH KD AND DECAY
Species          Decay const.(1/s)    Th. decay a      Th. decay b
   finished reading kd/decay species
    nkdd  =   0


     Temporarily stop reading chemical.inp to read thermodynamic database....
    --> Start reading thermodynamic database: thddem.dat          
    --> Finished reading thermodynamic database
     ....back to reading chemical.inp
 
EXCHANGEABLE CATIONS
   finished reading exchanged species
    nexc  =   0


 Finished reading upper part of chemical.inp
 SUMMARY OF THERMODYNAMIC DATA FOR THE CHEMICAL SYSTEM

   Components     a0    charge
  h2o            0.000    0.0
  h+             3.080    1.0
  na+            1.910    1.0
  cl-            1.810   -1.0
  hco3-          2.100   -1.0
  ca+2           2.870    2.0
  so4-2          3.150   -2.0
  mg+2           2.540    2.0
  h4sio4         0.000    0.0
  al+3           3.330    3.0
  fe+2           2.620    2.0
  hs-            1.800   -1.0
  k+             2.270    1.0


 Log K interpolation coefficients as a function of temperature (K) (a,b,c,d,e)
 valid temperature range (deg.C.):   0.0 to 300.0
                        a*ln(TK)       b          c*TK     d*(TK)**-1  e*(TK)**-2
 ch4(aq)               1.6263E+01 -9.8030E+01 -1.5204E-02  6.1556E+03 -4.3659E+05
 fe+3                 -1.1829E+01  7.9292E+01  1.3881E-02 -2.5309E+03  1.1119E+05
 h2(aq)               -9.1217E+00  5.9134E+01  7.3067E-03  3.0921E+02  9.9762E+04
 o2(aq)                8.8189E+01 -5.6953E+02 -9.0444E-02  5.6358E+04 -2.2986E+06
 hso5-                 1.9403E+02 -1.2463E+03 -1.9441E-01  9.0194E+04 -4.6191E+06
 s2o3-2                1.1741E+02 -7.4801E+02 -1.1797E-01  4.1347E+04 -2.6053E+06
 s2o4-2                1.5379E+02 -9.8146E+02 -1.5419E-01  6.0982E+04 -3.4449E+06
 s2o6-2                2.2020E+02 -1.4070E+03 -2.1970E-01  8.6348E+04 -4.9337E+06
 s2o8-2                3.0219E+02 -1.9362E+03 -3.0147E-01  1.3066E+05 -6.8378E+06
 so3-2                -2.8875E+01  1.8456E+02  3.0582E-02 -7.1870E+03  6.2143E+05
 al(oh)2+              4.7439E+01 -3.0498E+02 -5.4475E-02  2.1579E+04 -9.6404E+05
 alo2-                -3.7794E+01  2.3505E+02  3.4060E-02 -5.3716E+03  9.7939E+05
 aloh+2                2.4272E+01 -1.5533E+02 -2.9426E-02  1.1126E+04 -5.8273E+05
 also4+                3.9950E+02 -2.5561E+03 -3.9156E-01  1.4936E+05 -9.5505E+06
 ca(hco3)+             1.4826E+02 -9.3818E+02 -1.5460E-01  5.2557E+04 -3.3627E+06
 cacl+                 1.3420E+02 -8.5009E+02 -1.3805E-01  4.7556E+04 -2.8972E+06
 cacl2                 2.6819E+02 -1.6969E+03 -2.7268E-01  9.4122E+04 -5.7679E+06
 caco3                 1.4728E+02 -9.2715E+02 -1.4590E-01  5.0165E+04 -2.6331E+06
 caoh+                 2.5284E+01 -1.5945E+02 -2.5004E-02  1.1895E+04 -3.7918E+05
 caso4                 2.9147E+02 -1.8547E+03 -2.8259E-01  1.0254E+05 -6.0404E+06
 co2(aq)               1.1805E+02 -7.5336E+02 -1.2331E-01  4.2533E+04 -2.7983E+06
 co3-2                -1.3005E+02  8.3279E+02  1.3220E-01 -4.5851E+04  2.9210E+06
 fe(co3)2-            -1.1829E+01  8.0346E+01  1.3881E-02 -2.5309E+03  1.1119E+05
 fe(co3)2-2            3.0929E+02 -1.9663E+03 -2.9760E-01  1.1227E+05 -6.2674E+06
 fe(hs)2               2.7177E+02 -1.7304E+03 -2.7522E-01  9.6120E+04 -5.7630E+06
 fe(oh)4-             -6.8660E+01  4.5487E+02  5.0756E-02 -2.1000E+04  1.9584E+06
 fe(so4)2-             6.5435E+02 -4.2170E+03 -5.5507E-01  2.3663E+05 -1.2087E+07
 fecl+                 1.3775E+02 -8.7343E+02 -1.3997E-01  4.9074E+04 -3.0335E+06
 fecl+2                1.2566E+02 -7.9671E+02 -1.2626E-01  4.7006E+04 -2.8409E+06
 fecl2+                2.8483E+02 -1.8039E+03 -2.8950E-01  1.0191E+05 -6.0501E+06
 fecl2                 2.7453E+02 -1.7481E+03 -2.7789E-01  1.0170E+05 -5.8937E+06
 feco3                 1.6071E+02 -1.0160E+03 -1.5677E-01  5.6005E+04 -3.2126E+06
 feco3oh-              0.0000E+00  1.4358E+01  0.0000E+00  0.0000E+00  0.0000E+00
 fehco3+               1.6074E+02 -1.0213E+03 -1.5679E-01  5.5740E+04 -3.2134E+06
 fehso4+               2.9465E+02 -1.8823E+03 -2.8739E-01  1.0658E+05 -6.1699E+06
 fehso4+2              3.3164E+02 -2.1226E+03 -3.0272E-01  1.2012E+05 -6.5164E+06
 feo                   5.5932E+01 -3.5277E+02 -5.5020E-02  2.4359E+04 -9.4206E+05
 feo+                  3.5325E+01 -2.2158E+02 -3.3022E-02  1.4228E+04 -2.9149E+05
 feoh+                 3.2309E+01 -2.0575E+02 -3.0739E-02  1.4267E+04 -6.6838E+05
 feoh+2                1.7940E+01 -1.1175E+02 -1.5662E-02  8.6812E+03 -3.4905E+05
 feso4+                3.0552E+02 -1.9449E+03 -3.0271E-01  1.1106E+05 -6.5168E+06
 feso4                 2.9183E+02 -1.8571E+03 -2.8739E-01  1.0353E+05 -6.1697E+06
 h2s(aq)               1.2787E+02 -8.1641E+02 -1.2844E-01  4.5504E+04 -2.9752E+06
 h2s2o3                3.7457E+02 -2.3872E+03 -3.7388E-01  1.3410E+05 -8.2132E+06
 h2s2o4                4.1583E+02 -2.6522E+03 -4.1454E-01  1.5553E+05 -9.1830E+06
 h2sio4-2              6.1884E+01 -3.8937E+02 -4.3526E-02  2.5040E+04 -9.7415E+05
 h2so3                 1.9263E+02 -1.2297E+03 -2.0260E-01  7.3198E+04 -4.4383E+06
 halo2                 4.8730E+01 -3.1306E+02 -5.6171E-02  2.3811E+04 -1.0027E+06
 hcl                   8.5908E+01 -5.3560E+02 -9.8107E-02  2.9116E+04 -1.9163E+06
 hclo                  1.5057E+02 -9.5917E+02 -1.5202E-01  6.7090E+04 -3.2245E+06
 hclo2                 2.0038E+02 -1.2801E+03 -2.0128E-01  1.0093E+05 -4.4324E+06
 hfeo2                 5.4751E+01 -3.4632E+02 -4.8707E-02  2.2540E+04 -3.2097E+05
 hfeo2-               -4.8043E+01  3.0631E+02  5.1594E-02 -7.7570E+03  8.8731E+05
 hs2o3-                2.4741E+02 -1.5769E+03 -2.4904E-01  8.8689E+04 -5.5569E+06
 hs2o4-                2.8473E+02 -1.8167E+03 -2.8607E-01  1.0862E+05 -6.4438E+06
 hsio3-               -1.0471E+02  6.6794E+02  1.0818E-01 -3.5858E+04  2.3521E+06
 hso3-                 1.0805E+02 -6.9225E+02 -1.0849E-01  4.2243E+04 -2.4755E+06
 hso4-                 1.3785E+02 -8.8289E+02 -1.3788E-01  5.1456E+04 -3.1964E+06
 kalo2                 1.0218E+02 -6.5912E+02 -9.9449E-02  4.5316E+04 -1.8837E+06
 kcl                   1.3432E+02 -8.5650E+02 -1.2897E-01  4.8810E+04 -2.9825E+06
 koh                   2.3722E+01 -1.5039E+02 -1.7386E-02  1.1798E+04 -4.1751E+05
 kso4-                 1.5501E+02 -9.8692E+02 -1.5255E-01  5.5645E+04 -3.4038E+06
 mg(hco3)+             1.4711E+02 -9.3825E+02 -1.4594E-01  5.4027E+04 -3.4357E+06
 mg4(oh)4+4            2.4677E+02 -1.5676E+03 -2.2749E-01  9.5216E+04 -4.4566E+06
 mgcl+                 1.4218E+02 -9.0298E+02 -1.4266E-01  5.0922E+04 -3.1753E+06
 mgco3                 1.5792E+02 -9.9480E+02 -1.5433E-01  5.3882E+04 -2.8732E+06
 mgoh+                 3.7027E+01 -2.3725E+02 -3.4087E-02  1.7410E+04 -9.1289E+05
 mgs2o3                1.1741E+02 -7.4983E+02 -1.1797E-01  4.1347E+04 -2.6053E+06
 mgso4                 2.8719E+02 -1.8236E+03 -2.8328E-01  9.9972E+04 -5.8448E+06
 naco3-                3.1307E+01 -2.0376E+02 -2.5196E-02  1.5201E+04 -8.0198E+05
 nahco3                1.3127E+02 -8.3357E+02 -1.2262E-01  4.5370E+04 -2.6418E+06
 naoh                  9.7691E+01 -6.1705E+02 -9.1828E-02  3.7412E+04 -2.0355E+06
 nas2o3-               3.9209E+02 -2.4964E+03 -3.8284E-01  1.3885E+05 -8.4033E+06
 naso4-                1.5772E+02 -1.0057E+03 -1.5328E-01  5.7268E+04 -3.5803E+06
 oh-                  -1.1922E+02  7.6099E+02  1.2018E-01 -3.9792E+04  2.6597E+06
 s-2                   1.7029E+02 -1.0841E+03 -1.4877E-01  6.3152E+04 -3.2445E+06
 s2-2                  1.9748E+01 -1.2275E+02 -2.1576E-02  6.9578E+03 -4.0542E+05
 s2o5-2                1.8646E+02 -1.1932E+03 -1.8634E-01  7.2931E+04 -4.1761E+06
 s3-2                  1.6389E+02 -1.0398E+03 -1.6733E-01  5.5415E+04 -3.5842E+06
 s3o6-2                3.6236E+02 -2.3100E+03 -3.6301E-01  1.3472E+05 -8.0389E+06
 s4-2                  3.0900E+02 -1.9630E+03 -3.1397E-01  1.0454E+05 -6.7834E+06
 s4o6-2                5.2485E+02 -3.3478E+03 -5.2746E-01  1.8732E+05 -1.1640E+07
 s5-2                  4.5466E+02 -2.8896E+03 -4.6109E-01  1.5393E+05 -9.9937E+06
 s5o6-2                6.4760E+02 -4.1222E+03 -6.5055E-01  2.3076E+05 -1.4272E+07
 quartz(alpha)         3.5607E+00 -2.1948E+01 -3.8265E-03 -1.7532E+02 -3.1163E+04
 microcline            1.0161E+02 -6.4783E+02 -1.0456E-01  3.5752E+04 -1.7599E+06
 albite(low)           1.0993E+02 -7.0053E+02 -1.1555E-01  3.9609E+04 -1.9057E+06
 muscovite(ordered)    2.5854E+02 -1.6561E+03 -2.6991E-01  9.7171E+04 -4.5404E+06
 chlorite(cca-2)       4.8384E+02 -3.0957E+03 -4.8364E-01  1.9135E+05 -8.4818E+06
 dolomite              3.0406E+02 -1.9308E+03 -3.0692E-01  1.0816E+05 -6.1658E+06
 calcite               1.4538E+02 -9.2107E+02 -1.4832E-01  5.1281E+04 -2.9497E+06
 co2(g)                9.8336E+00 -5.9023E+01 -2.6998E-02  9.5032E+02  0.0000E+00

 dV interpolation coefficients as a function of temperature (K) (a,b,c,d,e) for log(K) pressure dependency 
 valid temperature range (deg.C.):   0.0 to 300.0
                        a              b*TK       c*TK**2     d*(TK)**-1  e*(TK)**-2
 co2(g)                9.8336E+00 -5.9023E+01 -2.6998E-02  9.5032E+02  0.0000E+00

 Derived Species Reactions
  species        a0   charge  logK(25. C)  h2o    h+     na+    cl-    hco3-  ca+2   so4-2  mg+2   h4sio4 al+3   fe+2   hs-    k+     
 ch4(aq)        0.000   0.0        5.833   1.00   0.00   0.00   0.00   1.00   0.00  -1.00   0.00   0.00   0.00   0.00   1.00   0.00
 fe+3           3.500   3.0        8.796  -0.50   1.12   0.00   0.00   0.00   0.00   0.12   0.00   0.00   0.00   1.00  -0.12   0.00
 h2(aq)         0.000   0.0       11.500   1.00  -0.25   0.00   0.00   0.00   0.00  -0.25   0.00   0.00   0.00   0.00   0.25   0.00
 o2(aq)         0.000   0.0       69.146   0.00   0.50   0.00   0.00   0.00   0.00   0.50   0.00   0.00   0.00   0.00  -0.50   0.00
 hso5-          1.800  -1.0       51.784   0.00   1.25   0.00   0.00   0.00   0.00   1.25   0.00   0.00   0.00   0.00  -0.25   0.00
 s2o3-2         3.000  -2.0       -4.870  -1.00   1.00   0.00   0.00   0.00   0.00   1.00   0.00   0.00   0.00   0.00   1.00   0.00
 s2o4-2         3.000  -2.0       14.571  -1.00   1.25   0.00   0.00   0.00   0.00   1.25   0.00   0.00   0.00   0.00   0.75   0.00
 s2o6-2         3.000  -2.0       16.258  -1.00   1.75   0.00   0.00   0.00   0.00   1.75   0.00   0.00   0.00   0.00   0.25   0.00
 s2o8-2         3.000  -2.0       56.961  -1.00   2.25   0.00   0.00   0.00   0.00   2.25   0.00   0.00   0.00   0.00  -0.25   0.00
 so3-2          3.000  -2.0       12.042   0.00  -0.25   0.00   0.00   0.00   0.00   0.75   0.00   0.00   0.00   0.00   0.25   0.00
 al(oh)2+       2.300   1.0       10.592   2.00  -2.00   0.00   0.00   0.00   0.00   0.00   0.00   0.00   1.00   0.00   0.00   0.00
 alo2-          1.800  -1.0       22.868   2.00  -4.00   0.00   0.00   0.00   0.00   0.00   0.00   0.00   1.00   0.00   0.00   0.00
 aloh+2         2.800   2.0        4.951   1.00  -1.00   0.00   0.00   0.00   0.00   0.00   0.00   0.00   1.00   0.00   0.00   0.00
 also4+         2.300   1.0       -3.155   0.00   0.00   0.00   0.00   0.00   0.00   1.00   0.00   0.00   1.00   0.00   0.00   0.00
 ca(hco3)+      2.300   1.0       -1.098   0.00   0.00   0.00   0.00   1.00   1.00   0.00   0.00   0.00   0.00   0.00   0.00   0.00
 cacl+          2.300   1.0        0.296   0.00   0.00   0.00   1.00   0.00   1.00   0.00   0.00   0.00   0.00   0.00   0.00   0.00
 cacl2          0.000   0.0        0.651   0.00   0.00   0.00   2.00   0.00   1.00   0.00   0.00   0.00   0.00   0.00   0.00   0.00
 caco3          0.000   0.0        7.115   0.00  -1.00   0.00   0.00   1.00   1.00   0.00   0.00   0.00   0.00   0.00   0.00   0.00
 caoh+          2.300   1.0       12.782   1.00  -1.00   0.00   0.00   0.00   1.00   0.00   0.00   0.00   0.00   0.00   0.00   0.00
 caso4          0.000   0.0       -2.299   0.00   0.00   0.00   0.00   0.00   1.00   1.00   0.00   0.00   0.00   0.00   0.00   0.00
 co2(aq)        0.000   0.0       -6.349  -1.00   1.00   0.00   0.00   1.00   0.00   0.00   0.00   0.00   0.00   0.00   0.00   0.00
 co3-2          2.800  -2.0       10.322   0.00  -1.00   0.00   0.00   1.00   0.00   0.00   0.00   0.00   0.00   0.00   0.00   0.00
 fe(co3)2-      1.800  -1.0        9.850  -0.50  -0.88   0.00   0.00   2.00   0.00   0.12   0.00   0.00   0.00   1.00  -0.12   0.00
 fe(co3)2-2     3.000  -2.0       13.217   0.00  -2.00   0.00   0.00   2.00   0.00   0.00   0.00   0.00   0.00   1.00   0.00   0.00
 fe(hs)2        0.000   0.0       -6.439   0.00   0.00   0.00   0.00   0.00   0.00   0.00   0.00   0.00   0.00   1.00   2.00   0.00
 fe(oh)4-       1.800  -1.0       30.401   3.50  -2.88   0.00   0.00   0.00   0.00   0.12   0.00   0.00   0.00   1.00  -0.12   0.00
 fe(so4)2-      1.800  -1.0        3.443  -0.50   1.12   0.00   0.00   0.00   0.00   2.12   0.00   0.00   0.00   1.00  -0.12   0.00
 fecl+          2.300   1.0        0.165   0.00   0.00   0.00   1.00   0.00   0.00   0.00   0.00   0.00   0.00   1.00   0.00   0.00
 fecl+2         2.800   2.0        7.282  -0.50   1.12   0.00   1.00   0.00   0.00   0.12   0.00   0.00   0.00   1.00  -0.12   0.00
 fecl2+         2.300   1.0        6.408  -0.50   1.12   0.00   2.00   0.00   0.00   0.12   0.00   0.00   0.00   1.00  -0.12   0.00
 fecl2          0.000   0.0        8.011   0.00   0.00   0.00   2.00   0.00   0.00   0.00   0.00   0.00   0.00   1.00   0.00   0.00
 feco3          0.000   0.0        4.643   0.00  -1.00   0.00   0.00   1.00   0.00   0.00   0.00   0.00   0.00   1.00   0.00   0.00
 feco3oh-       1.800  -1.0       14.358   1.00  -2.00   0.00   0.00   1.00   0.00   0.00   0.00   0.00   0.00   1.00   0.00   0.00
 fehco3+        2.300   1.0       -1.434   0.00   0.00   0.00   0.00   1.00   0.00   0.00   0.00   0.00   0.00   1.00   0.00   0.00
 fehso4+        2.300   1.0       -1.079   0.00   1.00   0.00   0.00   0.00   0.00   1.00   0.00   0.00   0.00   1.00   0.00   0.00
 fehso4+2       2.800   2.0        6.326  -0.50   2.12   0.00   0.00   0.00   0.00   1.12   0.00   0.00   0.00   1.00  -0.12   0.00
 feo            0.000   0.0       20.603   1.00  -2.00   0.00   0.00   0.00   0.00   0.00   0.00   0.00   0.00   1.00   0.00   0.00
 feo+           2.300   1.0       14.282   0.50  -0.88   0.00   0.00   0.00   0.00   0.12   0.00   0.00   0.00   1.00  -0.12   0.00
 feoh+          2.300   1.0        9.501   1.00  -1.00   0.00   0.00   0.00   0.00   0.00   0.00   0.00   0.00   1.00   0.00   0.00
 feoh+2         2.800   2.0       10.988   0.50   0.12   0.00   0.00   0.00   0.00   0.12   0.00   0.00   0.00   1.00  -0.12   0.00
 feso4+         2.300   1.0        4.768  -0.50   1.12   0.00   0.00   0.00   0.00   1.12   0.00   0.00   0.00   1.00  -0.12   0.00
 feso4          0.000   0.0       -2.233   0.00   0.00   0.00   0.00   0.00   0.00   1.00   0.00   0.00   0.00   1.00   0.00   0.00
 h2s(aq)        0.000   0.0       -6.984   0.00   1.00   0.00   0.00   0.00   0.00   0.00   0.00   0.00   0.00   0.00   1.00   0.00
 h2s2o3         0.000   0.0       -7.178  -1.00   3.00   0.00   0.00   0.00   0.00   1.00   0.00   0.00   0.00   0.00   1.00   0.00
 h2s2o4         0.000   0.0       11.783  -1.00   3.25   0.00   0.00   0.00   0.00   1.25   0.00   0.00   0.00   0.00   0.75   0.00
 h2sio4-2       3.000  -2.0       23.273   0.00  -2.00   0.00   0.00   0.00   0.00   0.00   0.00   1.00   0.00   0.00   0.00   0.00
 h2so3          0.000   0.0        3.021   0.00   1.75   0.00   0.00   0.00   0.00   0.75   0.00   0.00   0.00   0.00   0.25   0.00
 halo2          0.000   0.0       16.421   2.00  -3.00   0.00   0.00   0.00   0.00   0.00   0.00   0.00   1.00   0.00   0.00   0.00
 hcl            0.000   0.0        0.716   0.00   1.00   0.00   1.00   0.00   0.00   0.00   0.00   0.00   0.00   0.00   0.00   0.00
 hclo           0.000   0.0       42.118   0.00   1.25   0.00   1.00   0.00   0.00   0.25   0.00   0.00   0.00   0.00  -0.25   0.00
 hclo2          0.000   0.0       90.268   0.00   1.50   0.00   1.00   0.00   0.00   0.50   0.00   0.00   0.00   0.00  -0.50   0.00
 hfeo2          0.000   0.0       23.103   1.50  -1.88   0.00   0.00   0.00   0.00   0.12   0.00   0.00   0.00   1.00  -0.12   0.00
 hfeo2-         1.800  -1.0       31.927   2.00  -3.00   0.00   0.00   0.00   0.00   0.00   0.00   0.00   0.00   1.00   0.00   0.00
 hs2o3-         1.800  -1.0       -6.585  -1.00   2.00   0.00   0.00   0.00   0.00   1.00   0.00   0.00   0.00   0.00   1.00   0.00
 hs2o4-         1.800  -1.0       12.076  -1.00   2.25   0.00   0.00   0.00   0.00   1.25   0.00   0.00   0.00   0.00   0.75   0.00
 hsio3-         1.800  -1.0        9.814  -1.00  -1.00   0.00   0.00   0.00   0.00   0.00   0.00   1.00   0.00   0.00   0.00   0.00
 hso3-          1.800  -1.0        4.877   0.00   0.75   0.00   0.00   0.00   0.00   0.75   0.00   0.00   0.00   0.00   0.25   0.00
 hso4-          2.400  -1.0       -1.977   0.00   1.00   0.00   0.00   0.00   0.00   1.00   0.00   0.00   0.00   0.00   0.00   0.00
 kalo2          0.000   0.0       24.225   2.00  -4.00   0.00   0.00   0.00   0.00   0.00   0.00   0.00   1.00   0.00   0.00   1.00
 kcl            0.000   0.0        0.505   0.00   0.00   0.00   1.00   0.00   0.00   0.00   0.00   0.00   0.00   0.00   0.00   1.00
 koh            0.000   0.0       14.461   1.00  -1.00   0.00   0.00   0.00   0.00   0.00   0.00   0.00   0.00   0.00   0.00   1.00
 kso4-          1.800  -1.0       -0.875   0.00   0.00   0.00   0.00   0.00   0.00   1.00   0.00   0.00   0.00   0.00   0.00   1.00
 mg(hco3)+      2.300   1.0       -1.034   0.00   0.00   0.00   0.00   1.00   0.00   0.00   1.00   0.00   0.00   0.00   0.00   0.00
 mg4(oh)4+4     4.500   4.0       39.758   4.00  -4.00   0.00   0.00   0.00   0.00   0.00   4.00   0.00   0.00   0.00   0.00   0.00
 mgcl+          2.300   1.0       -0.345   0.00   0.00   0.00   1.00   0.00   0.00   0.00   1.00   0.00   0.00   0.00   0.00   0.00
 mgco3          0.000   0.0        7.354   0.00  -1.00   0.00   0.00   1.00   0.00   0.00   1.00   0.00   0.00   0.00   0.00   0.00
 mgoh+          2.300   1.0       11.681   1.00  -1.00   0.00   0.00   0.00   0.00   0.00   1.00   0.00   0.00   0.00   0.00   0.00
 mgs2o3         0.000   0.0       -6.690  -1.00   1.00   0.00   0.00   0.00   0.00   1.00   1.00   0.00   0.00   0.00   1.00   0.00
 mgso4          0.000   0.0       -2.218   0.00   0.00   0.00   0.00   0.00   0.00   1.00   1.00   0.00   0.00   0.00   0.00   0.00
 naco3-         1.800  -1.0        9.062   0.00  -1.00   1.00   0.00   1.00   0.00   0.00   0.00   0.00   0.00   0.00   0.00   0.00
 nahco3         0.000   0.0        0.252   0.00   0.00   1.00   0.00   1.00   0.00   0.00   0.00   0.00   0.00   0.00   0.00   0.00
 naoh           0.000   0.0       14.755   1.00  -1.00   1.00   0.00   0.00   0.00   0.00   0.00   0.00   0.00   0.00   0.00   0.00
 nas2o3-        1.800  -1.0       -5.466  -1.00   1.00   1.00   0.00   0.00   0.00   1.00   0.00   0.00   0.00   0.00   1.00   0.00
 naso4-         1.800  -1.0       -0.932   0.00   0.00   1.00   0.00   0.00   0.00   1.00   0.00   0.00   0.00   0.00   0.00   0.00
 oh-            1.400  -1.0       13.998   1.00  -1.00   0.00   0.00   0.00   0.00   0.00   0.00   0.00   0.00   0.00   0.00   0.00
 s-2            3.000  -2.0       17.108   0.00  -1.00   0.00   0.00   0.00   0.00   0.00   0.00   0.00   0.00   0.00   1.00   0.00
 s2-2           3.000  -2.0        2.115  -1.00   0.25   0.00   0.00   0.00   0.00   0.25   0.00   0.00   0.00   0.00   1.75   0.00
 s2o5-2         3.000  -2.0       11.242  -1.00   1.50   0.00   0.00   0.00   0.00   1.50   0.00   0.00   0.00   0.00   0.50   0.00
 s3-2           3.000  -2.0      -10.335  -2.00   1.50   0.00   0.00   0.00   0.00   0.50   0.00   0.00   0.00   0.00   2.50   0.00
 s3o6-2         3.000  -2.0        7.740  -2.00   3.00   0.00   0.00   0.00   0.00   2.00   0.00   0.00   0.00   0.00   1.00   0.00
 s4-2           3.000  -2.0      -21.682  -3.00   2.75   0.00   0.00   0.00   0.00   0.75   0.00   0.00   0.00   0.00   3.25   0.00
 s4o6-2         3.000  -2.0      -17.345  -3.00   4.25   0.00   0.00   0.00   0.00   2.25   0.00   0.00   0.00   0.00   1.75   0.00
 s5-2           3.000  -2.0      -32.808  -4.00   4.00   0.00   0.00   0.00   0.00   1.00   0.00   0.00   0.00   0.00   4.00   0.00
 s5o6-2         3.000  -2.0      -13.032  -4.00   5.50   0.00   0.00   0.00   0.00   2.50   0.00   0.00   0.00   0.00   2.50   0.00

 Mineral Reactions
  minerals    m.vol(L/mol)  logK(25. C)  h2o    h+     na+    cl-    hco3-  ca+2   so4-2  mg+2   h4sio4 al+3   fe+2   hs-    k+     
 quartz(alpha      0.0227      -3.740   -2.00   0.00   0.00   0.00   0.00   0.00   0.00   0.00   1.00   0.00   0.00   0.00   0.00
 microcline        0.1087       0.045   -4.00  -4.00   0.00   0.00   0.00   0.00   0.00   0.00   3.00   1.00   0.00   0.00   1.00
 albite(low)       0.1001       2.742   -4.00  -4.00   1.00   0.00   0.00   0.00   0.00   0.00   3.00   1.00   0.00   0.00   0.00
 muscovite(or      0.1408      11.340    0.00 -10.00   0.00   0.00   0.00   0.00   0.00   0.00   3.00   3.00   0.00   0.00   1.00
 chlorite(cca      0.2118      63.227    7.36 -17.23   0.00   0.00   0.00   0.01   0.03   2.96   2.63   2.48   1.93  -0.03   0.00
 dolomite          0.0644       3.545    0.00  -2.00   0.00   0.00   2.00   1.00   0.00   1.00   0.00   0.00   0.00   0.00   0.00
 calcite           0.0369       1.853    0.00  -1.00   0.00   0.00   1.00   1.00   0.00   0.00   0.00   0.00   0.00   0.00   0.00

 Gas Reactions
  gases                     logK( 25.C)  h2o    h+     na+    cl-    hco3-  ca+2   so4-2  mg+2   h4sio4 al+3   fe+2   hs-    k+     
 co2(g)                        -7.857   -1.00   1.00   0.00   0.00   1.00   0.00   0.00   0.00   0.00   0.00   0.00   0.00   0.00

--------------------------------------------------------------------------------
INITIAL AND INJECTION WATER TYPES
 Initial Water Type =   1
 water temperature (C)=  170.000
 water pressure (bar) =  805.900
          icon        guess            ctot         fix   log(Q/K)
h2o             1     1.0000E+00     1.0000E+00  *                     0.000E+00
h+              1     5.9661E-06     1.4626E-02  *                     0.000E+00
na+             1     2.2792E+00     2.2797E+00  *                     0.000E+00
cl-             1     3.5408E+00     4.0935E+00  *                     0.000E+00
hco3-           1     1.2372E-03     1.7043E-02  *                     0.000E+00
ca+2            1     4.1945E-01     5.6013E-01  *                     0.000E+00
so4-2           1     4.8191E-05     9.0942E-05  *                     0.000E+00
mg+2            1     6.1888E-02     7.8957E-02  *                     0.000E+00
h4sio4          1     2.9275E-03     2.9292E-03  *                     0.000E+00
al+3            1     1.6208E-12     5.0869E-08  *                     0.000E+00
fe+2            1     9.8531E-03     1.1307E-02  *                     0.000E+00
hs-             1     7.8240E-08     4.5662E-07  *                     0.000E+00
k+              1     1.7547E-01     5.2730E-01  *                     0.000E+00

      Number of initial waters:      1
      Number of injection waters:   0


--------------------------------------------------------------------------------
INITIAL MINERAL ZONES

MINERAL ZONE=   1
# mineral         vol.frac.    equil/kinetic
quartz(alpha)        3.69000E-01    1
 0.0000E+00 1.57300E+02    0
microcline           3.51000E-02    1
 0.0000E+00 1.29000E+01    0
albite(low)          8.15000E-02    1
 0.0000E+00 9.10000E+00    0
muscovite(ordered)   2.38800E-01    1
 0.0000E+00 9.10000E+00    0
chlorite(cca-2)      1.23600E-01    1
 0.0000E+00 9.10000E+00    0
dolomite             7.30000E-02    1
 0.0000E+00 1.20000E+01    0
calcite              5.40000E-02    1
 0.0000E+00 2.60000E+02    0
*
# Sum of mineral volume fractions in zone:  9.75000E-01

     Total number of mineral zones:   1


--------------------------------------------------------------------------------
INITIAL AND INJECTION GAS ZONES

 GAS ZONE=   1
gas      partial pressure
     co2(g)               0.00000E+00

     Number of initial gas zones:   1


     Number of injection gas zones:   0


--------------------------------------------------------------------------------
INITIAL PERMEABILITY-POROSITY ZONES

 PERMEABILITY ZONE=   1
perm law        a-par                 b-par
  1           0.0000E+00      0.0000E+00

     Total number of permeability zones=   1


--------------------------------------------------------------------------------
INITIAL SURFACE ADSORPTION ZONES

     Total number of adsorption zones=   0


--------------------------------------------------------------------------------
INITIAL LINEAR EQUILIBRIUM Kd ZONES

     Total number of Kd zones=   0


--------------------------------------------------------------------------------
INITIAL ZONES OF CATION EXCHANGE

     Total number of exchange zones=   0



  --> Finished reading chemical.inp file

