  TOUGHREACT V3.60demo: runlog.out
 
  ---> start reading solute.inp
  ---> finished reading solute.inp 

 --> start reading chemical input data from chemical.inp


     Temporarily stop reading chemical.inp to read thermodynamic database....
    --> Start reading thermodynamic database: thddem.dat          
 
  --- List of all possible aqueous complexes --- 
          ch4(aq)             
          fe+3                
          h2(aq)              
          o2(aq)              
          hso5-               
          s2o3-2              
          s2o4-2              
          s2o6-2              
          s2o8-2              
          so3-2               
          al(oh)2+            
          alo2-               
          aloh+2              
          also4+              
          ca(hco3)+           
          cacl+               
          cacl2               
          caco3               
          caoh+               
          caso4               
          co2(aq)             
          co3-2               
          fe(co3)2-           
          fe(co3)2-2          
          fe(hs)2             
          fe(oh)4-            
          fe(so4)2-           
          fecl+               
          fecl+2              
          fecl2+              
          fecl2               
          feco3               
          feco3oh-            
          fehco3+             
          fehso4+             
          fehso4+2            
          feo                 
          feo+                
          feoh+               
          feoh+2              
          feso4+              
          feso4               
          h2s(aq)             
          h2s2o3              
          h2s2o4              
          h2sio4-2            
          h2so3               
          halo2               
          hcl                 
          hclo                
          hclo2               
          hfeo2               
          hfeo2-              
          hs2o3-              
          hs2o4-              
          hsio3-              
          hso3-               
          hso4-               
          kalo2               
          kcl                 
          koh                 
          kso4-               
          mg(hco3)+           
          mg4(oh)4+4          
          mgcl+               
          mgco3               
          mgoh+               
          mgs2o3              
          mgso4               
          naco3-              
          nahco3              
          naoh                
          nas2o3-             
          naso4-              
          oh-                 
          s-2                 
          s2-2                
          s2o5-2              
          s3-2                
          s3o6-2              
          s4-2                
          s4o6-2              
          s5-2                
          s5o6-2              
 
   Mineral       Molar volume (liters/mol)
      albite(low)           1.00070E-01
      calcite               3.69300E-02
      chlorite(cca-2)       2.11830E-01
      dolomite              6.43700E-02
      microcline            1.08740E-01
      muscovite(ordered)    1.40810E-01
      quartz(alpha)         2.26900E-02
  
    --> Finished reading thermodynamic database
     ....back to reading chemical.inp


  --> Finished reading chemical.inp file


  ...running...
     see output file: iter.out             for time and time step information

  ...done! TOUGHREACT V3.60demo  simulation finished
